// Jest Snapshot v1, https://goo.gl/fbAQLP

exports[`createCard returns string 1`] = `
"
      <section class=\\"info-card-pokemon\\"> 
      <div class=\\"img-pokemon\\">
        <img class=\\"pokemon\\" src=\\"https://www.serebii.net/pokemongo/pokemon/001.png\\" loading=\\"lazy\\">
      </div>
      <div class=\\"data-pokemon\\">
        <span>bulbasaur</span>
        <span>001</span>
        <span>Tipo: grass, poison </span>
        <span>Resistencia: water, electric, grass, fighting, fairy </span>
        <span>Debilidad: fire, ice, flying, psychic </span>
      </div>
    </section>
  "
`;
