// Jest Snapshot v1, https://goo.gl/fbAQLP

exports[` 1`] = `
"
     <section class=\\"info-card-pokemon\\"> 
        <div class=\\"img-pokemon\\">
         <img src=\\"https://www.serebii.net/pokemongo/pokemon/063.png\\">
       </div>
       <div class=\\"data-pokemon\\">   
         <span>abra</span>
         <span>063</span>
         <span>Tipo: psychic</span>
       </div>
     </section>
   
     <section class=\\"info-card-pokemon\\"> 
        <div class=\\"img-pokemon\\">
         <img src=\\"https://www.serebii.net/pokemongo/pokemon/142.png\\">
       </div>
       <div class=\\"data-pokemon\\">   
         <span>aerodactyl</span>
         <span>142</span>
         <span>Tipo: rock, flying</span>
       </div>
     </section>
   
     <section class=\\"info-card-pokemon\\"> 
        <div class=\\"img-pokemon\\">
         <img src=\\"https://www.serebii.net/pokemongo/pokemon/190.png\\">
       </div>
       <div class=\\"data-pokemon\\">   
         <span>aipom</span>
         <span>190</span>
         <span>Tipo: normal</span>
       </div>
     </section>
   
     <section class=\\"info-card-pokemon\\"> 
        <div class=\\"img-pokemon\\">
         <img src=\\"https://www.serebii.net/pokemongo/pokemon/065.png\\">
       </div>
       <div class=\\"data-pokemon\\">   
         <span>alakazam</span>
         <span>065</span>
         <span>Tipo: psychic</span>
       </div>
     </section>
   
     <section class=\\"info-card-pokemon\\"> 
        <div class=\\"img-pokemon\\">
         <img src=\\"https://www.serebii.net/pokemongo/pokemon/181.png\\">
       </div>
       <div class=\\"data-pokemon\\">   
         <span>ampharos</span>
         <span>181</span>
         <span>Tipo: electric</span>
       </div>
     </section>
   
     <section class=\\"info-card-pokemon\\"> 
        <div class=\\"img-pokemon\\">
         <img src=\\"https://www.serebii.net/pokemongo/pokemon/024.png\\">
       </div>
       <div class=\\"data-pokemon\\">   
         <span>arbok</span>
         <span>024</span>
         <span>Tipo: poison</span>
       </div>
     </section>
   
     <section class=\\"info-card-pokemon\\"> 
        <div class=\\"img-pokemon\\">
         <img src=\\"https://www.serebii.net/pokemongo/pokemon/059.png\\">
       </div>
       <div class=\\"data-pokemon\\">   
         <span>arcanine</span>
         <span>059</span>
         <span>Tipo: fire</span>
       </div>
     </section>
   
     <section class=\\"info-card-pokemon\\"> 
        <div class=\\"img-pokemon\\">
         <img src=\\"https://www.serebii.net/pokemongo/pokemon/168.png\\">
       </div>
       <div class=\\"data-pokemon\\">   
         <span>ariados</span>
         <span>168</span>
         <span>Tipo: bug, poison</span>
       </div>
     </section>
   
     <section class=\\"info-card-pokemon\\"> 
        <div class=\\"img-pokemon\\">
         <img src=\\"https://www.serebii.net/pokemongo/pokemon/144.png\\">
       </div>
       <div class=\\"data-pokemon\\">   
         <span>articuno</span>
         <span>144</span>
         <span>Tipo: ice, flying</span>
       </div>
     </section>
   
     <section class=\\"info-card-pokemon\\"> 
        <div class=\\"img-pokemon\\">
         <img src=\\"https://www.serebii.net/pokemongo/pokemon/184.png\\">
       </div>
       <div class=\\"data-pokemon\\">   
         <span>azumarill</span>
         <span>184</span>
         <span>Tipo: water, fairy</span>
       </div>
     </section>
   
     <section class=\\"info-card-pokemon\\"> 
        <div class=\\"img-pokemon\\">
         <img src=\\"https://www.serebii.net/pokemongo/pokemon/153.png\\">
       </div>
       <div class=\\"data-pokemon\\">   
         <span>bayleef</span>
         <span>153</span>
         <span>Tipo: grass</span>
       </div>
     </section>
   
     <section class=\\"info-card-pokemon\\"> 
        <div class=\\"img-pokemon\\">
         <img src=\\"https://www.serebii.net/pokemongo/pokemon/015.png\\">
       </div>
       <div class=\\"data-pokemon\\">   
         <span>beedrill</span>
         <span>015</span>
         <span>Tipo: bug, poison</span>
       </div>
     </section>
   
     <section class=\\"info-card-pokemon\\"> 
        <div class=\\"img-pokemon\\">
         <img src=\\"https://www.serebii.net/pokemongo/pokemon/182.png\\">
       </div>
       <div class=\\"data-pokemon\\">   
         <span>bellossom</span>
         <span>182</span>
         <span>Tipo: grass</span>
       </div>
     </section>
   
     <section class=\\"info-card-pokemon\\"> 
        <div class=\\"img-pokemon\\">
         <img src=\\"https://www.serebii.net/pokemongo/pokemon/069.png\\">
       </div>
       <div class=\\"data-pokemon\\">   
         <span>bellsprout</span>
         <span>069</span>
         <span>Tipo: grass, poison</span>
       </div>
     </section>
   
     <section class=\\"info-card-pokemon\\"> 
        <div class=\\"img-pokemon\\">
         <img src=\\"https://www.serebii.net/pokemongo/pokemon/009.png\\">
       </div>
       <div class=\\"data-pokemon\\">   
         <span>blastoise</span>
         <span>009</span>
         <span>Tipo: water</span>
       </div>
     </section>
   
     <section class=\\"info-card-pokemon\\"> 
        <div class=\\"img-pokemon\\">
         <img src=\\"https://www.serebii.net/pokemongo/pokemon/242.png\\">
       </div>
       <div class=\\"data-pokemon\\">   
         <span>blissey</span>
         <span>242</span>
         <span>Tipo: normal</span>
       </div>
     </section>
   
     <section class=\\"info-card-pokemon\\"> 
        <div class=\\"img-pokemon\\">
         <img src=\\"https://www.serebii.net/pokemongo/pokemon/001.png\\">
       </div>
       <div class=\\"data-pokemon\\">   
         <span>bulbasaur</span>
         <span>001</span>
         <span>Tipo: grass, poison</span>
       </div>
     </section>
   
     <section class=\\"info-card-pokemon\\"> 
        <div class=\\"img-pokemon\\">
         <img src=\\"https://www.serebii.net/pokemongo/pokemon/012.png\\">
       </div>
       <div class=\\"data-pokemon\\">   
         <span>butterfree</span>
         <span>012</span>
         <span>Tipo: bug, flying</span>
       </div>
     </section>
   
     <section class=\\"info-card-pokemon\\"> 
        <div class=\\"img-pokemon\\">
         <img src=\\"https://www.serebii.net/pokemongo/pokemon/010.png\\">
       </div>
       <div class=\\"data-pokemon\\">   
         <span>caterpie</span>
         <span>010</span>
         <span>Tipo: bug</span>
       </div>
     </section>
   
     <section class=\\"info-card-pokemon\\"> 
        <div class=\\"img-pokemon\\">
         <img src=\\"https://www.serebii.net/pokemongo/pokemon/251.png\\">
       </div>
       <div class=\\"data-pokemon\\">   
         <span>celebi</span>
         <span>251</span>
         <span>Tipo: psychic, grass</span>
       </div>
     </section>
   
     <section class=\\"info-card-pokemon\\"> 
        <div class=\\"img-pokemon\\">
         <img src=\\"https://www.serebii.net/pokemongo/pokemon/113.png\\">
       </div>
       <div class=\\"data-pokemon\\">   
         <span>chansey</span>
         <span>113</span>
         <span>Tipo: normal</span>
       </div>
     </section>
   
     <section class=\\"info-card-pokemon\\"> 
        <div class=\\"img-pokemon\\">
         <img src=\\"https://www.serebii.net/pokemongo/pokemon/006.png\\">
       </div>
       <div class=\\"data-pokemon\\">   
         <span>charizard</span>
         <span>006</span>
         <span>Tipo: fire, flying</span>
       </div>
     </section>
   
     <section class=\\"info-card-pokemon\\"> 
        <div class=\\"img-pokemon\\">
         <img src=\\"https://www.serebii.net/pokemongo/pokemon/004.png\\">
       </div>
       <div class=\\"data-pokemon\\">   
         <span>charmander</span>
         <span>004</span>
         <span>Tipo: fire</span>
       </div>
     </section>
   
     <section class=\\"info-card-pokemon\\"> 
        <div class=\\"img-pokemon\\">
         <img src=\\"https://www.serebii.net/pokemongo/pokemon/005.png\\">
       </div>
       <div class=\\"data-pokemon\\">   
         <span>charmeleon</span>
         <span>005</span>
         <span>Tipo: fire</span>
       </div>
     </section>
   
     <section class=\\"info-card-pokemon\\"> 
        <div class=\\"img-pokemon\\">
         <img src=\\"https://www.serebii.net/pokemongo/pokemon/152.png\\">
       </div>
       <div class=\\"data-pokemon\\">   
         <span>chikorita</span>
         <span>152</span>
         <span>Tipo: grass</span>
       </div>
     </section>
   
     <section class=\\"info-card-pokemon\\"> 
        <div class=\\"img-pokemon\\">
         <img src=\\"https://www.serebii.net/pokemongo/pokemon/170.png\\">
       </div>
       <div class=\\"data-pokemon\\">   
         <span>chinchou</span>
         <span>170</span>
         <span>Tipo: water, electric</span>
       </div>
     </section>
   
     <section class=\\"info-card-pokemon\\"> 
        <div class=\\"img-pokemon\\">
         <img src=\\"https://www.serebii.net/pokemongo/pokemon/036.png\\">
       </div>
       <div class=\\"data-pokemon\\">   
         <span>clefable</span>
         <span>036</span>
         <span>Tipo: normal</span>
       </div>
     </section>
   
     <section class=\\"info-card-pokemon\\"> 
        <div class=\\"img-pokemon\\">
         <img src=\\"https://www.serebii.net/pokemongo/pokemon/035.png\\">
       </div>
       <div class=\\"data-pokemon\\">   
         <span>clefairy</span>
         <span>035</span>
         <span>Tipo: normal</span>
       </div>
     </section>
   
     <section class=\\"info-card-pokemon\\"> 
        <div class=\\"img-pokemon\\">
         <img src=\\"https://www.serebii.net/pokemongo/pokemon/173.png\\">
       </div>
       <div class=\\"data-pokemon\\">   
         <span>cleffa</span>
         <span>173</span>
         <span>Tipo: fairy</span>
       </div>
     </section>
   
     <section class=\\"info-card-pokemon\\"> 
        <div class=\\"img-pokemon\\">
         <img src=\\"https://www.serebii.net/pokemongo/pokemon/091.png\\">
       </div>
       <div class=\\"data-pokemon\\">   
         <span>cloyster</span>
         <span>091</span>
         <span>Tipo: water, ice</span>
       </div>
     </section>
   
     <section class=\\"info-card-pokemon\\"> 
        <div class=\\"img-pokemon\\">
         <img src=\\"https://www.serebii.net/pokemongo/pokemon/222.png\\">
       </div>
       <div class=\\"data-pokemon\\">   
         <span>corsola</span>
         <span>222</span>
         <span>Tipo: water, rock</span>
       </div>
     </section>
   
     <section class=\\"info-card-pokemon\\"> 
        <div class=\\"img-pokemon\\">
         <img src=\\"https://www.serebii.net/pokemongo/pokemon/169.png\\">
       </div>
       <div class=\\"data-pokemon\\">   
         <span>crobat</span>
         <span>169</span>
         <span>Tipo: poison, flying</span>
       </div>
     </section>
   
     <section class=\\"info-card-pokemon\\"> 
        <div class=\\"img-pokemon\\">
         <img src=\\"https://www.serebii.net/pokemongo/pokemon/159.png\\">
       </div>
       <div class=\\"data-pokemon\\">   
         <span>croconaw</span>
         <span>159</span>
         <span>Tipo: water</span>
       </div>
     </section>
   
     <section class=\\"info-card-pokemon\\"> 
        <div class=\\"img-pokemon\\">
         <img src=\\"https://www.serebii.net/pokemongo/pokemon/104.png\\">
       </div>
       <div class=\\"data-pokemon\\">   
         <span>cubone</span>
         <span>104</span>
         <span>Tipo: ground</span>
       </div>
     </section>
   
     <section class=\\"info-card-pokemon\\"> 
        <div class=\\"img-pokemon\\">
         <img src=\\"https://www.serebii.net/pokemongo/pokemon/155.png\\">
       </div>
       <div class=\\"data-pokemon\\">   
         <span>cyndaquil</span>
         <span>155</span>
         <span>Tipo: fire</span>
       </div>
     </section>
   
     <section class=\\"info-card-pokemon\\"> 
        <div class=\\"img-pokemon\\">
         <img src=\\"https://www.serebii.net/pokemongo/pokemon/225.png\\">
       </div>
       <div class=\\"data-pokemon\\">   
         <span>delibird</span>
         <span>225</span>
         <span>Tipo: ice, flying</span>
       </div>
     </section>
   
     <section class=\\"info-card-pokemon\\"> 
        <div class=\\"img-pokemon\\">
         <img src=\\"https://www.serebii.net/pokemongo/pokemon/087.png\\">
       </div>
       <div class=\\"data-pokemon\\">   
         <span>dewgong</span>
         <span>087</span>
         <span>Tipo: water, ice</span>
       </div>
     </section>
   
     <section class=\\"info-card-pokemon\\"> 
        <div class=\\"img-pokemon\\">
         <img src=\\"https://www.serebii.net/pokemongo/pokemon/050.png\\">
       </div>
       <div class=\\"data-pokemon\\">   
         <span>diglett</span>
         <span>050</span>
         <span>Tipo: ground</span>
       </div>
     </section>
   
     <section class=\\"info-card-pokemon\\"> 
        <div class=\\"img-pokemon\\">
         <img src=\\"https://www.serebii.net/pokemongo/pokemon/132.png\\">
       </div>
       <div class=\\"data-pokemon\\">   
         <span>ditto</span>
         <span>132</span>
         <span>Tipo: normal</span>
       </div>
     </section>
   
     <section class=\\"info-card-pokemon\\"> 
        <div class=\\"img-pokemon\\">
         <img src=\\"https://www.serebii.net/pokemongo/pokemon/085.png\\">
       </div>
       <div class=\\"data-pokemon\\">   
         <span>dodrio</span>
         <span>085</span>
         <span>Tipo: normal, flying</span>
       </div>
     </section>
   
     <section class=\\"info-card-pokemon\\"> 
        <div class=\\"img-pokemon\\">
         <img src=\\"https://www.serebii.net/pokemongo/pokemon/084.png\\">
       </div>
       <div class=\\"data-pokemon\\">   
         <span>doduo</span>
         <span>084</span>
         <span>Tipo: normal, flying</span>
       </div>
     </section>
   
     <section class=\\"info-card-pokemon\\"> 
        <div class=\\"img-pokemon\\">
         <img src=\\"https://www.serebii.net/pokemongo/pokemon/232.png\\">
       </div>
       <div class=\\"data-pokemon\\">   
         <span>donphan</span>
         <span>232</span>
         <span>Tipo: ground</span>
       </div>
     </section>
   
     <section class=\\"info-card-pokemon\\"> 
        <div class=\\"img-pokemon\\">
         <img src=\\"https://www.serebii.net/pokemongo/pokemon/148.png\\">
       </div>
       <div class=\\"data-pokemon\\">   
         <span>dragonair</span>
         <span>148</span>
         <span>Tipo: dragon</span>
       </div>
     </section>
   
     <section class=\\"info-card-pokemon\\"> 
        <div class=\\"img-pokemon\\">
         <img src=\\"https://www.serebii.net/pokemongo/pokemon/149.png\\">
       </div>
       <div class=\\"data-pokemon\\">   
         <span>dragonite</span>
         <span>149</span>
         <span>Tipo: dragon, flying</span>
       </div>
     </section>
   
     <section class=\\"info-card-pokemon\\"> 
        <div class=\\"img-pokemon\\">
         <img src=\\"https://www.serebii.net/pokemongo/pokemon/147.png\\">
       </div>
       <div class=\\"data-pokemon\\">   
         <span>dratini</span>
         <span>147</span>
         <span>Tipo: dragon</span>
       </div>
     </section>
   
     <section class=\\"info-card-pokemon\\"> 
        <div class=\\"img-pokemon\\">
         <img src=\\"https://www.serebii.net/pokemongo/pokemon/096.png\\">
       </div>
       <div class=\\"data-pokemon\\">   
         <span>drowzee</span>
         <span>096</span>
         <span>Tipo: psychic</span>
       </div>
     </section>
   
     <section class=\\"info-card-pokemon\\"> 
        <div class=\\"img-pokemon\\">
         <img src=\\"https://www.serebii.net/pokemongo/pokemon/051.png\\">
       </div>
       <div class=\\"data-pokemon\\">   
         <span>dugtrio</span>
         <span>051</span>
         <span>Tipo: ground</span>
       </div>
     </section>
   
     <section class=\\"info-card-pokemon\\"> 
        <div class=\\"img-pokemon\\">
         <img src=\\"https://www.serebii.net/pokemongo/pokemon/206.png\\">
       </div>
       <div class=\\"data-pokemon\\">   
         <span>dunsparce</span>
         <span>206</span>
         <span>Tipo: normal</span>
       </div>
     </section>
   
     <section class=\\"info-card-pokemon\\"> 
        <div class=\\"img-pokemon\\">
         <img src=\\"https://www.serebii.net/pokemongo/pokemon/133.png\\">
       </div>
       <div class=\\"data-pokemon\\">   
         <span>eevee</span>
         <span>133</span>
         <span>Tipo: normal</span>
       </div>
     </section>
   
     <section class=\\"info-card-pokemon\\"> 
        <div class=\\"img-pokemon\\">
         <img src=\\"https://www.serebii.net/pokemongo/pokemon/023.png\\">
       </div>
       <div class=\\"data-pokemon\\">   
         <span>ekans</span>
         <span>023</span>
         <span>Tipo: poison</span>
       </div>
     </section>
   
     <section class=\\"info-card-pokemon\\"> 
        <div class=\\"img-pokemon\\">
         <img src=\\"https://www.serebii.net/pokemongo/pokemon/125.png\\">
       </div>
       <div class=\\"data-pokemon\\">   
         <span>electabuzz</span>
         <span>125</span>
         <span>Tipo: electric</span>
       </div>
     </section>
   
     <section class=\\"info-card-pokemon\\"> 
        <div class=\\"img-pokemon\\">
         <img src=\\"https://www.serebii.net/pokemongo/pokemon/101.png\\">
       </div>
       <div class=\\"data-pokemon\\">   
         <span>electrode</span>
         <span>101</span>
         <span>Tipo: electric</span>
       </div>
     </section>
   
     <section class=\\"info-card-pokemon\\"> 
        <div class=\\"img-pokemon\\">
         <img src=\\"https://www.serebii.net/pokemongo/pokemon/239.png\\">
       </div>
       <div class=\\"data-pokemon\\">   
         <span>elekid</span>
         <span>239</span>
         <span>Tipo: electric</span>
       </div>
     </section>
   
     <section class=\\"info-card-pokemon\\"> 
        <div class=\\"img-pokemon\\">
         <img src=\\"https://www.serebii.net/pokemongo/pokemon/244.png\\">
       </div>
       <div class=\\"data-pokemon\\">   
         <span>entei</span>
         <span>244</span>
         <span>Tipo: fire</span>
       </div>
     </section>
   
     <section class=\\"info-card-pokemon\\"> 
        <div class=\\"img-pokemon\\">
         <img src=\\"https://www.serebii.net/pokemongo/pokemon/196.png\\">
       </div>
       <div class=\\"data-pokemon\\">   
         <span>espeon</span>
         <span>196</span>
         <span>Tipo: psychic</span>
       </div>
     </section>
   
     <section class=\\"info-card-pokemon\\"> 
        <div class=\\"img-pokemon\\">
         <img src=\\"https://www.serebii.net/pokemongo/pokemon/102.png\\">
       </div>
       <div class=\\"data-pokemon\\">   
         <span>exeggcute</span>
         <span>102</span>
         <span>Tipo: grass, psychic</span>
       </div>
     </section>
   
     <section class=\\"info-card-pokemon\\"> 
        <div class=\\"img-pokemon\\">
         <img src=\\"https://www.serebii.net/pokemongo/pokemon/103.png\\">
       </div>
       <div class=\\"data-pokemon\\">   
         <span>exeggutor</span>
         <span>103</span>
         <span>Tipo: grass, psychic</span>
       </div>
     </section>
   
     <section class=\\"info-card-pokemon\\"> 
        <div class=\\"img-pokemon\\">
         <img src=\\"https://www.serebii.net/pokemongo/pokemon/083.png\\">
       </div>
       <div class=\\"data-pokemon\\">   
         <span>farfetch'd</span>
         <span>083</span>
         <span>Tipo: normal, flying</span>
       </div>
     </section>
   
     <section class=\\"info-card-pokemon\\"> 
        <div class=\\"img-pokemon\\">
         <img src=\\"https://www.serebii.net/pokemongo/pokemon/022.png\\">
       </div>
       <div class=\\"data-pokemon\\">   
         <span>fearow</span>
         <span>022</span>
         <span>Tipo: normal, flying</span>
       </div>
     </section>
   
     <section class=\\"info-card-pokemon\\"> 
        <div class=\\"img-pokemon\\">
         <img src=\\"https://www.serebii.net/pokemongo/pokemon/160.png\\">
       </div>
       <div class=\\"data-pokemon\\">   
         <span>feraligatr</span>
         <span>160</span>
         <span>Tipo: water</span>
       </div>
     </section>
   
     <section class=\\"info-card-pokemon\\"> 
        <div class=\\"img-pokemon\\">
         <img src=\\"https://www.serebii.net/pokemongo/pokemon/180.png\\">
       </div>
       <div class=\\"data-pokemon\\">   
         <span>flaaffy</span>
         <span>180</span>
         <span>Tipo: electric</span>
       </div>
     </section>
   
     <section class=\\"info-card-pokemon\\"> 
        <div class=\\"img-pokemon\\">
         <img src=\\"https://www.serebii.net/pokemongo/pokemon/136.png\\">
       </div>
       <div class=\\"data-pokemon\\">   
         <span>flareon</span>
         <span>136</span>
         <span>Tipo: fire</span>
       </div>
     </section>
   
     <section class=\\"info-card-pokemon\\"> 
        <div class=\\"img-pokemon\\">
         <img src=\\"https://www.serebii.net/pokemongo/pokemon/205.png\\">
       </div>
       <div class=\\"data-pokemon\\">   
         <span>forretress</span>
         <span>205</span>
         <span>Tipo: bug, steel</span>
       </div>
     </section>
   
     <section class=\\"info-card-pokemon\\"> 
        <div class=\\"img-pokemon\\">
         <img src=\\"https://www.serebii.net/pokemongo/pokemon/162.png\\">
       </div>
       <div class=\\"data-pokemon\\">   
         <span>furret</span>
         <span>162</span>
         <span>Tipo: normal</span>
       </div>
     </section>
   
     <section class=\\"info-card-pokemon\\"> 
        <div class=\\"img-pokemon\\">
         <img src=\\"https://www.serebii.net/pokemongo/pokemon/092.png\\">
       </div>
       <div class=\\"data-pokemon\\">   
         <span>gastly</span>
         <span>092</span>
         <span>Tipo: ghost, poison</span>
       </div>
     </section>
   
     <section class=\\"info-card-pokemon\\"> 
        <div class=\\"img-pokemon\\">
         <img src=\\"https://www.serebii.net/pokemongo/pokemon/094.png\\">
       </div>
       <div class=\\"data-pokemon\\">   
         <span>gengar</span>
         <span>094</span>
         <span>Tipo: ghost, poison</span>
       </div>
     </section>
   
     <section class=\\"info-card-pokemon\\"> 
        <div class=\\"img-pokemon\\">
         <img src=\\"https://www.serebii.net/pokemongo/pokemon/074.png\\">
       </div>
       <div class=\\"data-pokemon\\">   
         <span>geodude</span>
         <span>074</span>
         <span>Tipo: rock, ground</span>
       </div>
     </section>
   
     <section class=\\"info-card-pokemon\\"> 
        <div class=\\"img-pokemon\\">
         <img src=\\"https://www.serebii.net/pokemongo/pokemon/203.png\\">
       </div>
       <div class=\\"data-pokemon\\">   
         <span>girafarig</span>
         <span>203</span>
         <span>Tipo: normal, psychic</span>
       </div>
     </section>
   
     <section class=\\"info-card-pokemon\\"> 
        <div class=\\"img-pokemon\\">
         <img src=\\"https://www.serebii.net/pokemongo/pokemon/207.png\\">
       </div>
       <div class=\\"data-pokemon\\">   
         <span>gligar</span>
         <span>207</span>
         <span>Tipo: ground, flying</span>
       </div>
     </section>
   
     <section class=\\"info-card-pokemon\\"> 
        <div class=\\"img-pokemon\\">
         <img src=\\"https://www.serebii.net/pokemongo/pokemon/044.png\\">
       </div>
       <div class=\\"data-pokemon\\">   
         <span>gloom</span>
         <span>044</span>
         <span>Tipo: grass, poison</span>
       </div>
     </section>
   
     <section class=\\"info-card-pokemon\\"> 
        <div class=\\"img-pokemon\\">
         <img src=\\"https://www.serebii.net/pokemongo/pokemon/042.png\\">
       </div>
       <div class=\\"data-pokemon\\">   
         <span>golbat</span>
         <span>042</span>
         <span>Tipo: poison, flying</span>
       </div>
     </section>
   
     <section class=\\"info-card-pokemon\\"> 
        <div class=\\"img-pokemon\\">
         <img src=\\"https://www.serebii.net/pokemongo/pokemon/118.png\\">
       </div>
       <div class=\\"data-pokemon\\">   
         <span>goldeen</span>
         <span>118</span>
         <span>Tipo: water</span>
       </div>
     </section>
   
     <section class=\\"info-card-pokemon\\"> 
        <div class=\\"img-pokemon\\">
         <img src=\\"https://www.serebii.net/pokemongo/pokemon/055.png\\">
       </div>
       <div class=\\"data-pokemon\\">   
         <span>golduck</span>
         <span>055</span>
         <span>Tipo: water</span>
       </div>
     </section>
   
     <section class=\\"info-card-pokemon\\"> 
        <div class=\\"img-pokemon\\">
         <img src=\\"https://www.serebii.net/pokemongo/pokemon/076.png\\">
       </div>
       <div class=\\"data-pokemon\\">   
         <span>golem</span>
         <span>076</span>
         <span>Tipo: rock, ground</span>
       </div>
     </section>
   
     <section class=\\"info-card-pokemon\\"> 
        <div class=\\"img-pokemon\\">
         <img src=\\"https://www.serebii.net/pokemongo/pokemon/210.png\\">
       </div>
       <div class=\\"data-pokemon\\">   
         <span>granbull</span>
         <span>210</span>
         <span>Tipo: fairy</span>
       </div>
     </section>
   
     <section class=\\"info-card-pokemon\\"> 
        <div class=\\"img-pokemon\\">
         <img src=\\"https://www.serebii.net/pokemongo/pokemon/075.png\\">
       </div>
       <div class=\\"data-pokemon\\">   
         <span>graveler</span>
         <span>075</span>
         <span>Tipo: rock, ground</span>
       </div>
     </section>
   
     <section class=\\"info-card-pokemon\\"> 
        <div class=\\"img-pokemon\\">
         <img src=\\"https://www.serebii.net/pokemongo/pokemon/088.png\\">
       </div>
       <div class=\\"data-pokemon\\">   
         <span>grimer</span>
         <span>088</span>
         <span>Tipo: poison</span>
       </div>
     </section>
   
     <section class=\\"info-card-pokemon\\"> 
        <div class=\\"img-pokemon\\">
         <img src=\\"https://www.serebii.net/pokemongo/pokemon/058.png\\">
       </div>
       <div class=\\"data-pokemon\\">   
         <span>growlithe</span>
         <span>058</span>
         <span>Tipo: fire</span>
       </div>
     </section>
   
     <section class=\\"info-card-pokemon\\"> 
        <div class=\\"img-pokemon\\">
         <img src=\\"https://www.serebii.net/pokemongo/pokemon/130.png\\">
       </div>
       <div class=\\"data-pokemon\\">   
         <span>gyarados</span>
         <span>130</span>
         <span>Tipo: water, flying</span>
       </div>
     </section>
   
     <section class=\\"info-card-pokemon\\"> 
        <div class=\\"img-pokemon\\">
         <img src=\\"https://www.serebii.net/pokemongo/pokemon/093.png\\">
       </div>
       <div class=\\"data-pokemon\\">   
         <span>haunter</span>
         <span>093</span>
         <span>Tipo: ghost, poison</span>
       </div>
     </section>
   
     <section class=\\"info-card-pokemon\\"> 
        <div class=\\"img-pokemon\\">
         <img src=\\"https://www.serebii.net/pokemongo/pokemon/214.png\\">
       </div>
       <div class=\\"data-pokemon\\">   
         <span>heracross</span>
         <span>214</span>
         <span>Tipo: bug, fighting</span>
       </div>
     </section>
   
     <section class=\\"info-card-pokemon\\"> 
        <div class=\\"img-pokemon\\">
         <img src=\\"https://www.serebii.net/pokemongo/pokemon/107.png\\">
       </div>
       <div class=\\"data-pokemon\\">   
         <span>hitmonchan</span>
         <span>107</span>
         <span>Tipo: fighting</span>
       </div>
     </section>
   
     <section class=\\"info-card-pokemon\\"> 
        <div class=\\"img-pokemon\\">
         <img src=\\"https://www.serebii.net/pokemongo/pokemon/106.png\\">
       </div>
       <div class=\\"data-pokemon\\">   
         <span>hitmonlee</span>
         <span>106</span>
         <span>Tipo: fighting</span>
       </div>
     </section>
   
     <section class=\\"info-card-pokemon\\"> 
        <div class=\\"img-pokemon\\">
         <img src=\\"https://www.serebii.net/pokemongo/pokemon/237.png\\">
       </div>
       <div class=\\"data-pokemon\\">   
         <span>hitmontop</span>
         <span>237</span>
         <span>Tipo: fighting</span>
       </div>
     </section>
   
     <section class=\\"info-card-pokemon\\"> 
        <div class=\\"img-pokemon\\">
         <img src=\\"https://www.serebii.net/pokemongo/pokemon/250.png\\">
       </div>
       <div class=\\"data-pokemon\\">   
         <span>ho-oh</span>
         <span>250</span>
         <span>Tipo: fire, flying</span>
       </div>
     </section>
   
     <section class=\\"info-card-pokemon\\"> 
        <div class=\\"img-pokemon\\">
         <img src=\\"https://www.serebii.net/pokemongo/pokemon/163.png\\">
       </div>
       <div class=\\"data-pokemon\\">   
         <span>hoothoot</span>
         <span>163</span>
         <span>Tipo: normal, flying</span>
       </div>
     </section>
   
     <section class=\\"info-card-pokemon\\"> 
        <div class=\\"img-pokemon\\">
         <img src=\\"https://www.serebii.net/pokemongo/pokemon/187.png\\">
       </div>
       <div class=\\"data-pokemon\\">   
         <span>hoppip</span>
         <span>187</span>
         <span>Tipo: grass, flying</span>
       </div>
     </section>
   
     <section class=\\"info-card-pokemon\\"> 
        <div class=\\"img-pokemon\\">
         <img src=\\"https://www.serebii.net/pokemongo/pokemon/116.png\\">
       </div>
       <div class=\\"data-pokemon\\">   
         <span>horsea</span>
         <span>116</span>
         <span>Tipo: water</span>
       </div>
     </section>
   
     <section class=\\"info-card-pokemon\\"> 
        <div class=\\"img-pokemon\\">
         <img src=\\"https://www.serebii.net/pokemongo/pokemon/229.png\\">
       </div>
       <div class=\\"data-pokemon\\">   
         <span>houndoom</span>
         <span>229</span>
         <span>Tipo: dark, fire</span>
       </div>
     </section>
   
     <section class=\\"info-card-pokemon\\"> 
        <div class=\\"img-pokemon\\">
         <img src=\\"https://www.serebii.net/pokemongo/pokemon/228.png\\">
       </div>
       <div class=\\"data-pokemon\\">   
         <span>houndour</span>
         <span>228</span>
         <span>Tipo: dark, fire</span>
       </div>
     </section>
   
     <section class=\\"info-card-pokemon\\"> 
        <div class=\\"img-pokemon\\">
         <img src=\\"https://www.serebii.net/pokemongo/pokemon/097.png\\">
       </div>
       <div class=\\"data-pokemon\\">   
         <span>hypno</span>
         <span>097</span>
         <span>Tipo: psychic</span>
       </div>
     </section>
   
     <section class=\\"info-card-pokemon\\"> 
        <div class=\\"img-pokemon\\">
         <img src=\\"https://www.serebii.net/pokemongo/pokemon/174.png\\">
       </div>
       <div class=\\"data-pokemon\\">   
         <span>igglybuff</span>
         <span>174</span>
         <span>Tipo: normal, fairy</span>
       </div>
     </section>
   
     <section class=\\"info-card-pokemon\\"> 
        <div class=\\"img-pokemon\\">
         <img src=\\"https://www.serebii.net/pokemongo/pokemon/002.png\\">
       </div>
       <div class=\\"data-pokemon\\">   
         <span>ivysaur</span>
         <span>002</span>
         <span>Tipo: grass, poison</span>
       </div>
     </section>
   
     <section class=\\"info-card-pokemon\\"> 
        <div class=\\"img-pokemon\\">
         <img src=\\"https://www.serebii.net/pokemongo/pokemon/039.png\\">
       </div>
       <div class=\\"data-pokemon\\">   
         <span>jigglypuff</span>
         <span>039</span>
         <span>Tipo: normal</span>
       </div>
     </section>
   
     <section class=\\"info-card-pokemon\\"> 
        <div class=\\"img-pokemon\\">
         <img src=\\"https://www.serebii.net/pokemongo/pokemon/135.png\\">
       </div>
       <div class=\\"data-pokemon\\">   
         <span>jolteon</span>
         <span>135</span>
         <span>Tipo: electric</span>
       </div>
     </section>
   
     <section class=\\"info-card-pokemon\\"> 
        <div class=\\"img-pokemon\\">
         <img src=\\"https://www.serebii.net/pokemongo/pokemon/189.png\\">
       </div>
       <div class=\\"data-pokemon\\">   
         <span>jumpluff</span>
         <span>189</span>
         <span>Tipo: grass, flying</span>
       </div>
     </section>
   
     <section class=\\"info-card-pokemon\\"> 
        <div class=\\"img-pokemon\\">
         <img src=\\"https://www.serebii.net/pokemongo/pokemon/124.png\\">
       </div>
       <div class=\\"data-pokemon\\">   
         <span>jynx</span>
         <span>124</span>
         <span>Tipo: ice, psychic</span>
       </div>
     </section>
   
     <section class=\\"info-card-pokemon\\"> 
        <div class=\\"img-pokemon\\">
         <img src=\\"https://www.serebii.net/pokemongo/pokemon/140.png\\">
       </div>
       <div class=\\"data-pokemon\\">   
         <span>kabuto</span>
         <span>140</span>
         <span>Tipo: rock, water</span>
       </div>
     </section>
   
     <section class=\\"info-card-pokemon\\"> 
        <div class=\\"img-pokemon\\">
         <img src=\\"https://www.serebii.net/pokemongo/pokemon/141.png\\">
       </div>
       <div class=\\"data-pokemon\\">   
         <span>kabutops</span>
         <span>141</span>
         <span>Tipo: rock, water</span>
       </div>
     </section>
   
     <section class=\\"info-card-pokemon\\"> 
        <div class=\\"img-pokemon\\">
         <img src=\\"https://www.serebii.net/pokemongo/pokemon/064.png\\">
       </div>
       <div class=\\"data-pokemon\\">   
         <span>kadabra</span>
         <span>064</span>
         <span>Tipo: psychic</span>
       </div>
     </section>
   
     <section class=\\"info-card-pokemon\\"> 
        <div class=\\"img-pokemon\\">
         <img src=\\"https://www.serebii.net/pokemongo/pokemon/014.png\\">
       </div>
       <div class=\\"data-pokemon\\">   
         <span>kakuna</span>
         <span>014</span>
         <span>Tipo: bug, poison</span>
       </div>
     </section>
   
     <section class=\\"info-card-pokemon\\"> 
        <div class=\\"img-pokemon\\">
         <img src=\\"https://www.serebii.net/pokemongo/pokemon/115.png\\">
       </div>
       <div class=\\"data-pokemon\\">   
         <span>kangaskhan</span>
         <span>115</span>
         <span>Tipo: normal</span>
       </div>
     </section>
   
     <section class=\\"info-card-pokemon\\"> 
        <div class=\\"img-pokemon\\">
         <img src=\\"https://www.serebii.net/pokemongo/pokemon/230.png\\">
       </div>
       <div class=\\"data-pokemon\\">   
         <span>kingdra</span>
         <span>230</span>
         <span>Tipo: water, dragon</span>
       </div>
     </section>
   
     <section class=\\"info-card-pokemon\\"> 
        <div class=\\"img-pokemon\\">
         <img src=\\"https://www.serebii.net/pokemongo/pokemon/099.png\\">
       </div>
       <div class=\\"data-pokemon\\">   
         <span>kingler</span>
         <span>099</span>
         <span>Tipo: water</span>
       </div>
     </section>
   
     <section class=\\"info-card-pokemon\\"> 
        <div class=\\"img-pokemon\\">
         <img src=\\"https://www.serebii.net/pokemongo/pokemon/109.png\\">
       </div>
       <div class=\\"data-pokemon\\">   
         <span>koffing</span>
         <span>109</span>
         <span>Tipo: poison</span>
       </div>
     </section>
   
     <section class=\\"info-card-pokemon\\"> 
        <div class=\\"img-pokemon\\">
         <img src=\\"https://www.serebii.net/pokemongo/pokemon/098.png\\">
       </div>
       <div class=\\"data-pokemon\\">   
         <span>krabby</span>
         <span>098</span>
         <span>Tipo: water</span>
       </div>
     </section>
   
     <section class=\\"info-card-pokemon\\"> 
        <div class=\\"img-pokemon\\">
         <img src=\\"https://www.serebii.net/pokemongo/pokemon/171.png\\">
       </div>
       <div class=\\"data-pokemon\\">   
         <span>lanturn</span>
         <span>171</span>
         <span>Tipo: water, electric</span>
       </div>
     </section>
   
     <section class=\\"info-card-pokemon\\"> 
        <div class=\\"img-pokemon\\">
         <img src=\\"https://www.serebii.net/pokemongo/pokemon/131.png\\">
       </div>
       <div class=\\"data-pokemon\\">   
         <span>lapras</span>
         <span>131</span>
         <span>Tipo: water, ice</span>
       </div>
     </section>
   
     <section class=\\"info-card-pokemon\\"> 
        <div class=\\"img-pokemon\\">
         <img src=\\"https://www.serebii.net/pokemongo/pokemon/246.png\\">
       </div>
       <div class=\\"data-pokemon\\">   
         <span>larvitar</span>
         <span>246</span>
         <span>Tipo: rock, ground</span>
       </div>
     </section>
   
     <section class=\\"info-card-pokemon\\"> 
        <div class=\\"img-pokemon\\">
         <img src=\\"https://www.serebii.net/pokemongo/pokemon/166.png\\">
       </div>
       <div class=\\"data-pokemon\\">   
         <span>ledian</span>
         <span>166</span>
         <span>Tipo: bug, flying</span>
       </div>
     </section>
   
     <section class=\\"info-card-pokemon\\"> 
        <div class=\\"img-pokemon\\">
         <img src=\\"https://www.serebii.net/pokemongo/pokemon/165.png\\">
       </div>
       <div class=\\"data-pokemon\\">   
         <span>ledyba</span>
         <span>165</span>
         <span>Tipo: bug, flying</span>
       </div>
     </section>
   
     <section class=\\"info-card-pokemon\\"> 
        <div class=\\"img-pokemon\\">
         <img src=\\"https://www.serebii.net/pokemongo/pokemon/108.png\\">
       </div>
       <div class=\\"data-pokemon\\">   
         <span>lickitung</span>
         <span>108</span>
         <span>Tipo: normal</span>
       </div>
     </section>
   
     <section class=\\"info-card-pokemon\\"> 
        <div class=\\"img-pokemon\\">
         <img src=\\"https://www.serebii.net/pokemongo/pokemon/249.png\\">
       </div>
       <div class=\\"data-pokemon\\">   
         <span>lugia</span>
         <span>249</span>
         <span>Tipo: psychic, flying</span>
       </div>
     </section>
   
     <section class=\\"info-card-pokemon\\"> 
        <div class=\\"img-pokemon\\">
         <img src=\\"https://www.serebii.net/pokemongo/pokemon/068.png\\">
       </div>
       <div class=\\"data-pokemon\\">   
         <span>machamp</span>
         <span>068</span>
         <span>Tipo: fighting</span>
       </div>
     </section>
   
     <section class=\\"info-card-pokemon\\"> 
        <div class=\\"img-pokemon\\">
         <img src=\\"https://www.serebii.net/pokemongo/pokemon/067.png\\">
       </div>
       <div class=\\"data-pokemon\\">   
         <span>machoke</span>
         <span>067</span>
         <span>Tipo: fighting</span>
       </div>
     </section>
   
     <section class=\\"info-card-pokemon\\"> 
        <div class=\\"img-pokemon\\">
         <img src=\\"https://www.serebii.net/pokemongo/pokemon/066.png\\">
       </div>
       <div class=\\"data-pokemon\\">   
         <span>machop</span>
         <span>066</span>
         <span>Tipo: fighting</span>
       </div>
     </section>
   
     <section class=\\"info-card-pokemon\\"> 
        <div class=\\"img-pokemon\\">
         <img src=\\"https://www.serebii.net/pokemongo/pokemon/240.png\\">
       </div>
       <div class=\\"data-pokemon\\">   
         <span>magby</span>
         <span>240</span>
         <span>Tipo: fire</span>
       </div>
     </section>
   
     <section class=\\"info-card-pokemon\\"> 
        <div class=\\"img-pokemon\\">
         <img src=\\"https://www.serebii.net/pokemongo/pokemon/219.png\\">
       </div>
       <div class=\\"data-pokemon\\">   
         <span>magcargo</span>
         <span>219</span>
         <span>Tipo: fire, rock</span>
       </div>
     </section>
   
     <section class=\\"info-card-pokemon\\"> 
        <div class=\\"img-pokemon\\">
         <img src=\\"https://www.serebii.net/pokemongo/pokemon/129.png\\">
       </div>
       <div class=\\"data-pokemon\\">   
         <span>magikarp</span>
         <span>129</span>
         <span>Tipo: water</span>
       </div>
     </section>
   
     <section class=\\"info-card-pokemon\\"> 
        <div class=\\"img-pokemon\\">
         <img src=\\"https://www.serebii.net/pokemongo/pokemon/126.png\\">
       </div>
       <div class=\\"data-pokemon\\">   
         <span>magmar</span>
         <span>126</span>
         <span>Tipo: fire</span>
       </div>
     </section>
   
     <section class=\\"info-card-pokemon\\"> 
        <div class=\\"img-pokemon\\">
         <img src=\\"https://www.serebii.net/pokemongo/pokemon/081.png\\">
       </div>
       <div class=\\"data-pokemon\\">   
         <span>magnemite</span>
         <span>081</span>
         <span>Tipo: electric</span>
       </div>
     </section>
   
     <section class=\\"info-card-pokemon\\"> 
        <div class=\\"img-pokemon\\">
         <img src=\\"https://www.serebii.net/pokemongo/pokemon/082.png\\">
       </div>
       <div class=\\"data-pokemon\\">   
         <span>magneton</span>
         <span>082</span>
         <span>Tipo: electric</span>
       </div>
     </section>
   
     <section class=\\"info-card-pokemon\\"> 
        <div class=\\"img-pokemon\\">
         <img src=\\"https://www.serebii.net/pokemongo/pokemon/056.png\\">
       </div>
       <div class=\\"data-pokemon\\">   
         <span>mankey</span>
         <span>056</span>
         <span>Tipo: fighting</span>
       </div>
     </section>
   
     <section class=\\"info-card-pokemon\\"> 
        <div class=\\"img-pokemon\\">
         <img src=\\"https://www.serebii.net/pokemongo/pokemon/226.png\\">
       </div>
       <div class=\\"data-pokemon\\">   
         <span>mantine</span>
         <span>226</span>
         <span>Tipo: water, flying</span>
       </div>
     </section>
   
     <section class=\\"info-card-pokemon\\"> 
        <div class=\\"img-pokemon\\">
         <img src=\\"https://www.serebii.net/pokemongo/pokemon/179.png\\">
       </div>
       <div class=\\"data-pokemon\\">   
         <span>mareep</span>
         <span>179</span>
         <span>Tipo: electric</span>
       </div>
     </section>
   
     <section class=\\"info-card-pokemon\\"> 
        <div class=\\"img-pokemon\\">
         <img src=\\"https://www.serebii.net/pokemongo/pokemon/183.png\\">
       </div>
       <div class=\\"data-pokemon\\">   
         <span>marill</span>
         <span>183</span>
         <span>Tipo: water, fairy</span>
       </div>
     </section>
   
     <section class=\\"info-card-pokemon\\"> 
        <div class=\\"img-pokemon\\">
         <img src=\\"https://www.serebii.net/pokemongo/pokemon/105.png\\">
       </div>
       <div class=\\"data-pokemon\\">   
         <span>marowak</span>
         <span>105</span>
         <span>Tipo: ground</span>
       </div>
     </section>
   
     <section class=\\"info-card-pokemon\\"> 
        <div class=\\"img-pokemon\\">
         <img src=\\"https://www.serebii.net/pokemongo/pokemon/154.png\\">
       </div>
       <div class=\\"data-pokemon\\">   
         <span>meganium</span>
         <span>154</span>
         <span>Tipo: grass</span>
       </div>
     </section>
   
     <section class=\\"info-card-pokemon\\"> 
        <div class=\\"img-pokemon\\">
         <img src=\\"https://www.serebii.net/pokemongo/pokemon/052.png\\">
       </div>
       <div class=\\"data-pokemon\\">   
         <span>meowth</span>
         <span>052</span>
         <span>Tipo: normal</span>
       </div>
     </section>
   
     <section class=\\"info-card-pokemon\\"> 
        <div class=\\"img-pokemon\\">
         <img src=\\"https://www.serebii.net/pokemongo/pokemon/011.png\\">
       </div>
       <div class=\\"data-pokemon\\">   
         <span>metapod</span>
         <span>011</span>
         <span>Tipo: bug</span>
       </div>
     </section>
   
     <section class=\\"info-card-pokemon\\"> 
        <div class=\\"img-pokemon\\">
         <img src=\\"https://www.serebii.net/pokemongo/pokemon/151.png\\">
       </div>
       <div class=\\"data-pokemon\\">   
         <span>mew</span>
         <span>151</span>
         <span>Tipo: psychic</span>
       </div>
     </section>
   
     <section class=\\"info-card-pokemon\\"> 
        <div class=\\"img-pokemon\\">
         <img src=\\"https://www.serebii.net/pokemongo/pokemon/150.png\\">
       </div>
       <div class=\\"data-pokemon\\">   
         <span>mewtwo</span>
         <span>150</span>
         <span>Tipo: psychic</span>
       </div>
     </section>
   
     <section class=\\"info-card-pokemon\\"> 
        <div class=\\"img-pokemon\\">
         <img src=\\"https://www.serebii.net/pokemongo/pokemon/241.png\\">
       </div>
       <div class=\\"data-pokemon\\">   
         <span>miltank</span>
         <span>241</span>
         <span>Tipo: normal</span>
       </div>
     </section>
   
     <section class=\\"info-card-pokemon\\"> 
        <div class=\\"img-pokemon\\">
         <img src=\\"https://www.serebii.net/pokemongo/pokemon/200.png\\">
       </div>
       <div class=\\"data-pokemon\\">   
         <span>misdreavus</span>
         <span>200</span>
         <span>Tipo: ghost</span>
       </div>
     </section>
   
     <section class=\\"info-card-pokemon\\"> 
        <div class=\\"img-pokemon\\">
         <img src=\\"https://www.serebii.net/pokemongo/pokemon/146.png\\">
       </div>
       <div class=\\"data-pokemon\\">   
         <span>moltres</span>
         <span>146</span>
         <span>Tipo: fire, flying</span>
       </div>
     </section>
   
     <section class=\\"info-card-pokemon\\"> 
        <div class=\\"img-pokemon\\">
         <img src=\\"https://www.serebii.net/pokemongo/pokemon/122.png\\">
       </div>
       <div class=\\"data-pokemon\\">   
         <span>mr. mime</span>
         <span>122</span>
         <span>Tipo: psychic</span>
       </div>
     </section>
   
     <section class=\\"info-card-pokemon\\"> 
        <div class=\\"img-pokemon\\">
         <img src=\\"https://www.serebii.net/pokemongo/pokemon/089.png\\">
       </div>
       <div class=\\"data-pokemon\\">   
         <span>muk</span>
         <span>089</span>
         <span>Tipo: poison</span>
       </div>
     </section>
   
     <section class=\\"info-card-pokemon\\"> 
        <div class=\\"img-pokemon\\">
         <img src=\\"https://www.serebii.net/pokemongo/pokemon/198.png\\">
       </div>
       <div class=\\"data-pokemon\\">   
         <span>murkrow</span>
         <span>198</span>
         <span>Tipo: dark, flying</span>
       </div>
     </section>
   
     <section class=\\"info-card-pokemon\\"> 
        <div class=\\"img-pokemon\\">
         <img src=\\"https://www.serebii.net/pokemongo/pokemon/177.png\\">
       </div>
       <div class=\\"data-pokemon\\">   
         <span>natu</span>
         <span>177</span>
         <span>Tipo: psychic, flying</span>
       </div>
     </section>
   
     <section class=\\"info-card-pokemon\\"> 
        <div class=\\"img-pokemon\\">
         <img src=\\"https://www.serebii.net/pokemongo/pokemon/034.png\\">
       </div>
       <div class=\\"data-pokemon\\">   
         <span>nidoking</span>
         <span>034</span>
         <span>Tipo: poison, ground</span>
       </div>
     </section>
   
     <section class=\\"info-card-pokemon\\"> 
        <div class=\\"img-pokemon\\">
         <img src=\\"https://www.serebii.net/pokemongo/pokemon/031.png\\">
       </div>
       <div class=\\"data-pokemon\\">   
         <span>nidoqueen</span>
         <span>031</span>
         <span>Tipo: poison, ground</span>
       </div>
     </section>
   
     <section class=\\"info-card-pokemon\\"> 
        <div class=\\"img-pokemon\\">
         <img src=\\"https://www.serebii.net/pokemongo/pokemon/029.png\\">
       </div>
       <div class=\\"data-pokemon\\">   
         <span>nidoran ♀ (female)</span>
         <span>029</span>
         <span>Tipo: poison</span>
       </div>
     </section>
   
     <section class=\\"info-card-pokemon\\"> 
        <div class=\\"img-pokemon\\">
         <img src=\\"https://www.serebii.net/pokemongo/pokemon/032.png\\">
       </div>
       <div class=\\"data-pokemon\\">   
         <span>nidoran ♂ (male)</span>
         <span>032</span>
         <span>Tipo: poison</span>
       </div>
     </section>
   
     <section class=\\"info-card-pokemon\\"> 
        <div class=\\"img-pokemon\\">
         <img src=\\"https://www.serebii.net/pokemongo/pokemon/030.png\\">
       </div>
       <div class=\\"data-pokemon\\">   
         <span>nidorina</span>
         <span>030</span>
         <span>Tipo: poison</span>
       </div>
     </section>
   
     <section class=\\"info-card-pokemon\\"> 
        <div class=\\"img-pokemon\\">
         <img src=\\"https://www.serebii.net/pokemongo/pokemon/033.png\\">
       </div>
       <div class=\\"data-pokemon\\">   
         <span>nidorino</span>
         <span>033</span>
         <span>Tipo: poison</span>
       </div>
     </section>
   
     <section class=\\"info-card-pokemon\\"> 
        <div class=\\"img-pokemon\\">
         <img src=\\"https://www.serebii.net/pokemongo/pokemon/038.png\\">
       </div>
       <div class=\\"data-pokemon\\">   
         <span>ninetales</span>
         <span>038</span>
         <span>Tipo: fire</span>
       </div>
     </section>
   
     <section class=\\"info-card-pokemon\\"> 
        <div class=\\"img-pokemon\\">
         <img src=\\"https://www.serebii.net/pokemongo/pokemon/164.png\\">
       </div>
       <div class=\\"data-pokemon\\">   
         <span>noctowl</span>
         <span>164</span>
         <span>Tipo: normal, flying</span>
       </div>
     </section>
   
     <section class=\\"info-card-pokemon\\"> 
        <div class=\\"img-pokemon\\">
         <img src=\\"https://www.serebii.net/pokemongo/pokemon/224.png\\">
       </div>
       <div class=\\"data-pokemon\\">   
         <span>octillery</span>
         <span>224</span>
         <span>Tipo: water</span>
       </div>
     </section>
   
     <section class=\\"info-card-pokemon\\"> 
        <div class=\\"img-pokemon\\">
         <img src=\\"https://www.serebii.net/pokemongo/pokemon/043.png\\">
       </div>
       <div class=\\"data-pokemon\\">   
         <span>oddish</span>
         <span>043</span>
         <span>Tipo: grass, poison</span>
       </div>
     </section>
   
     <section class=\\"info-card-pokemon\\"> 
        <div class=\\"img-pokemon\\">
         <img src=\\"https://www.serebii.net/pokemongo/pokemon/138.png\\">
       </div>
       <div class=\\"data-pokemon\\">   
         <span>omanyte</span>
         <span>138</span>
         <span>Tipo: rock, water</span>
       </div>
     </section>
   
     <section class=\\"info-card-pokemon\\"> 
        <div class=\\"img-pokemon\\">
         <img src=\\"https://www.serebii.net/pokemongo/pokemon/139.png\\">
       </div>
       <div class=\\"data-pokemon\\">   
         <span>omastar</span>
         <span>139</span>
         <span>Tipo: rock, water</span>
       </div>
     </section>
   
     <section class=\\"info-card-pokemon\\"> 
        <div class=\\"img-pokemon\\">
         <img src=\\"https://www.serebii.net/pokemongo/pokemon/095.png\\">
       </div>
       <div class=\\"data-pokemon\\">   
         <span>onix</span>
         <span>095</span>
         <span>Tipo: rock, ground</span>
       </div>
     </section>
   
     <section class=\\"info-card-pokemon\\"> 
        <div class=\\"img-pokemon\\">
         <img src=\\"https://www.serebii.net/pokemongo/pokemon/046.png\\">
       </div>
       <div class=\\"data-pokemon\\">   
         <span>paras</span>
         <span>046</span>
         <span>Tipo: bug, grass</span>
       </div>
     </section>
   
     <section class=\\"info-card-pokemon\\"> 
        <div class=\\"img-pokemon\\">
         <img src=\\"https://www.serebii.net/pokemongo/pokemon/047.png\\">
       </div>
       <div class=\\"data-pokemon\\">   
         <span>parasect</span>
         <span>047</span>
         <span>Tipo: bug, grass</span>
       </div>
     </section>
   
     <section class=\\"info-card-pokemon\\"> 
        <div class=\\"img-pokemon\\">
         <img src=\\"https://www.serebii.net/pokemongo/pokemon/053.png\\">
       </div>
       <div class=\\"data-pokemon\\">   
         <span>persian</span>
         <span>053</span>
         <span>Tipo: normal</span>
       </div>
     </section>
   
     <section class=\\"info-card-pokemon\\"> 
        <div class=\\"img-pokemon\\">
         <img src=\\"https://www.serebii.net/pokemongo/pokemon/231.png\\">
       </div>
       <div class=\\"data-pokemon\\">   
         <span>phanpy</span>
         <span>231</span>
         <span>Tipo: ground</span>
       </div>
     </section>
   
     <section class=\\"info-card-pokemon\\"> 
        <div class=\\"img-pokemon\\">
         <img src=\\"https://www.serebii.net/pokemongo/pokemon/172.png\\">
       </div>
       <div class=\\"data-pokemon\\">   
         <span>pichu</span>
         <span>172</span>
         <span>Tipo: electric</span>
       </div>
     </section>
   
     <section class=\\"info-card-pokemon\\"> 
        <div class=\\"img-pokemon\\">
         <img src=\\"https://www.serebii.net/pokemongo/pokemon/018.png\\">
       </div>
       <div class=\\"data-pokemon\\">   
         <span>pidgeot</span>
         <span>018</span>
         <span>Tipo: normal, flying</span>
       </div>
     </section>
   
     <section class=\\"info-card-pokemon\\"> 
        <div class=\\"img-pokemon\\">
         <img src=\\"https://www.serebii.net/pokemongo/pokemon/017.png\\">
       </div>
       <div class=\\"data-pokemon\\">   
         <span>pidgeotto</span>
         <span>017</span>
         <span>Tipo: normal, flying</span>
       </div>
     </section>
   
     <section class=\\"info-card-pokemon\\"> 
        <div class=\\"img-pokemon\\">
         <img src=\\"https://www.serebii.net/pokemongo/pokemon/016.png\\">
       </div>
       <div class=\\"data-pokemon\\">   
         <span>pidgey</span>
         <span>016</span>
         <span>Tipo: normal, flying</span>
       </div>
     </section>
   
     <section class=\\"info-card-pokemon\\"> 
        <div class=\\"img-pokemon\\">
         <img src=\\"https://www.serebii.net/pokemongo/pokemon/025.png\\">
       </div>
       <div class=\\"data-pokemon\\">   
         <span>pikachu</span>
         <span>025</span>
         <span>Tipo: electric</span>
       </div>
     </section>
   
     <section class=\\"info-card-pokemon\\"> 
        <div class=\\"img-pokemon\\">
         <img src=\\"https://www.serebii.net/pokemongo/pokemon/221.png\\">
       </div>
       <div class=\\"data-pokemon\\">   
         <span>piloswine</span>
         <span>221</span>
         <span>Tipo: ice, ground</span>
       </div>
     </section>
   
     <section class=\\"info-card-pokemon\\"> 
        <div class=\\"img-pokemon\\">
         <img src=\\"https://www.serebii.net/pokemongo/pokemon/204.png\\">
       </div>
       <div class=\\"data-pokemon\\">   
         <span>pineco</span>
         <span>204</span>
         <span>Tipo: bug</span>
       </div>
     </section>
   
     <section class=\\"info-card-pokemon\\"> 
        <div class=\\"img-pokemon\\">
         <img src=\\"https://www.serebii.net/pokemongo/pokemon/127.png\\">
       </div>
       <div class=\\"data-pokemon\\">   
         <span>pinsir</span>
         <span>127</span>
         <span>Tipo: bug</span>
       </div>
     </section>
   
     <section class=\\"info-card-pokemon\\"> 
        <div class=\\"img-pokemon\\">
         <img src=\\"https://www.serebii.net/pokemongo/pokemon/186.png\\">
       </div>
       <div class=\\"data-pokemon\\">   
         <span>politoed</span>
         <span>186</span>
         <span>Tipo: water</span>
       </div>
     </section>
   
     <section class=\\"info-card-pokemon\\"> 
        <div class=\\"img-pokemon\\">
         <img src=\\"https://www.serebii.net/pokemongo/pokemon/060.png\\">
       </div>
       <div class=\\"data-pokemon\\">   
         <span>poliwag</span>
         <span>060</span>
         <span>Tipo: water</span>
       </div>
     </section>
   
     <section class=\\"info-card-pokemon\\"> 
        <div class=\\"img-pokemon\\">
         <img src=\\"https://www.serebii.net/pokemongo/pokemon/061.png\\">
       </div>
       <div class=\\"data-pokemon\\">   
         <span>poliwhirl</span>
         <span>061</span>
         <span>Tipo: water</span>
       </div>
     </section>
   
     <section class=\\"info-card-pokemon\\"> 
        <div class=\\"img-pokemon\\">
         <img src=\\"https://www.serebii.net/pokemongo/pokemon/062.png\\">
       </div>
       <div class=\\"data-pokemon\\">   
         <span>poliwrath</span>
         <span>062</span>
         <span>Tipo: water, fighting</span>
       </div>
     </section>
   
     <section class=\\"info-card-pokemon\\"> 
        <div class=\\"img-pokemon\\">
         <img src=\\"https://www.serebii.net/pokemongo/pokemon/077.png\\">
       </div>
       <div class=\\"data-pokemon\\">   
         <span>ponyta</span>
         <span>077</span>
         <span>Tipo: fire</span>
       </div>
     </section>
   
     <section class=\\"info-card-pokemon\\"> 
        <div class=\\"img-pokemon\\">
         <img src=\\"https://www.serebii.net/pokemongo/pokemon/137.png\\">
       </div>
       <div class=\\"data-pokemon\\">   
         <span>porygon</span>
         <span>137</span>
         <span>Tipo: normal</span>
       </div>
     </section>
   
     <section class=\\"info-card-pokemon\\"> 
        <div class=\\"img-pokemon\\">
         <img src=\\"https://www.serebii.net/pokemongo/pokemon/233.png\\">
       </div>
       <div class=\\"data-pokemon\\">   
         <span>porygon2</span>
         <span>233</span>
         <span>Tipo: normal</span>
       </div>
     </section>
   
     <section class=\\"info-card-pokemon\\"> 
        <div class=\\"img-pokemon\\">
         <img src=\\"https://www.serebii.net/pokemongo/pokemon/057.png\\">
       </div>
       <div class=\\"data-pokemon\\">   
         <span>primeape</span>
         <span>057</span>
         <span>Tipo: fighting</span>
       </div>
     </section>
   
     <section class=\\"info-card-pokemon\\"> 
        <div class=\\"img-pokemon\\">
         <img src=\\"https://www.serebii.net/pokemongo/pokemon/054.png\\">
       </div>
       <div class=\\"data-pokemon\\">   
         <span>psyduck</span>
         <span>054</span>
         <span>Tipo: water</span>
       </div>
     </section>
   
     <section class=\\"info-card-pokemon\\"> 
        <div class=\\"img-pokemon\\">
         <img src=\\"https://www.serebii.net/pokemongo/pokemon/247.png\\">
       </div>
       <div class=\\"data-pokemon\\">   
         <span>pupitar</span>
         <span>247</span>
         <span>Tipo: rock, ground</span>
       </div>
     </section>
   
     <section class=\\"info-card-pokemon\\"> 
        <div class=\\"img-pokemon\\">
         <img src=\\"https://www.serebii.net/pokemongo/pokemon/195.png\\">
       </div>
       <div class=\\"data-pokemon\\">   
         <span>quagsire</span>
         <span>195</span>
         <span>Tipo: water, ground</span>
       </div>
     </section>
   
     <section class=\\"info-card-pokemon\\"> 
        <div class=\\"img-pokemon\\">
         <img src=\\"https://www.serebii.net/pokemongo/pokemon/156.png\\">
       </div>
       <div class=\\"data-pokemon\\">   
         <span>quilava</span>
         <span>156</span>
         <span>Tipo: fire</span>
       </div>
     </section>
   
     <section class=\\"info-card-pokemon\\"> 
        <div class=\\"img-pokemon\\">
         <img src=\\"https://www.serebii.net/pokemongo/pokemon/211.png\\">
       </div>
       <div class=\\"data-pokemon\\">   
         <span>qwilfish</span>
         <span>211</span>
         <span>Tipo: water, poison</span>
       </div>
     </section>
   
     <section class=\\"info-card-pokemon\\"> 
        <div class=\\"img-pokemon\\">
         <img src=\\"https://www.serebii.net/pokemongo/pokemon/026.png\\">
       </div>
       <div class=\\"data-pokemon\\">   
         <span>raichu</span>
         <span>026</span>
         <span>Tipo: electric</span>
       </div>
     </section>
   
     <section class=\\"info-card-pokemon\\"> 
        <div class=\\"img-pokemon\\">
         <img src=\\"https://www.serebii.net/pokemongo/pokemon/243.png\\">
       </div>
       <div class=\\"data-pokemon\\">   
         <span>raikou</span>
         <span>243</span>
         <span>Tipo: electric</span>
       </div>
     </section>
   
     <section class=\\"info-card-pokemon\\"> 
        <div class=\\"img-pokemon\\">
         <img src=\\"https://www.serebii.net/pokemongo/pokemon/078.png\\">
       </div>
       <div class=\\"data-pokemon\\">   
         <span>rapidash</span>
         <span>078</span>
         <span>Tipo: fire</span>
       </div>
     </section>
   
     <section class=\\"info-card-pokemon\\"> 
        <div class=\\"img-pokemon\\">
         <img src=\\"https://www.serebii.net/pokemongo/pokemon/020.png\\">
       </div>
       <div class=\\"data-pokemon\\">   
         <span>raticate</span>
         <span>020</span>
         <span>Tipo: normal</span>
       </div>
     </section>
   
     <section class=\\"info-card-pokemon\\"> 
        <div class=\\"img-pokemon\\">
         <img src=\\"https://www.serebii.net/pokemongo/pokemon/019.png\\">
       </div>
       <div class=\\"data-pokemon\\">   
         <span>rattata</span>
         <span>019</span>
         <span>Tipo: normal</span>
       </div>
     </section>
   
     <section class=\\"info-card-pokemon\\"> 
        <div class=\\"img-pokemon\\">
         <img src=\\"https://www.serebii.net/pokemongo/pokemon/223.png\\">
       </div>
       <div class=\\"data-pokemon\\">   
         <span>remoraid</span>
         <span>223</span>
         <span>Tipo: water</span>
       </div>
     </section>
   
     <section class=\\"info-card-pokemon\\"> 
        <div class=\\"img-pokemon\\">
         <img src=\\"https://www.serebii.net/pokemongo/pokemon/112.png\\">
       </div>
       <div class=\\"data-pokemon\\">   
         <span>rhydon</span>
         <span>112</span>
         <span>Tipo: ground, rock</span>
       </div>
     </section>
   
     <section class=\\"info-card-pokemon\\"> 
        <div class=\\"img-pokemon\\">
         <img src=\\"https://www.serebii.net/pokemongo/pokemon/111.png\\">
       </div>
       <div class=\\"data-pokemon\\">   
         <span>rhyhorn</span>
         <span>111</span>
         <span>Tipo: ground, rock</span>
       </div>
     </section>
   
     <section class=\\"info-card-pokemon\\"> 
        <div class=\\"img-pokemon\\">
         <img src=\\"https://www.serebii.net/pokemongo/pokemon/027.png\\">
       </div>
       <div class=\\"data-pokemon\\">   
         <span>sandshrew</span>
         <span>027</span>
         <span>Tipo: ground</span>
       </div>
     </section>
   
     <section class=\\"info-card-pokemon\\"> 
        <div class=\\"img-pokemon\\">
         <img src=\\"https://www.serebii.net/pokemongo/pokemon/028.png\\">
       </div>
       <div class=\\"data-pokemon\\">   
         <span>sandslash</span>
         <span>028</span>
         <span>Tipo: ground</span>
       </div>
     </section>
   
     <section class=\\"info-card-pokemon\\"> 
        <div class=\\"img-pokemon\\">
         <img src=\\"https://www.serebii.net/pokemongo/pokemon/212.png\\">
       </div>
       <div class=\\"data-pokemon\\">   
         <span>scizor</span>
         <span>212</span>
         <span>Tipo: bug, steel</span>
       </div>
     </section>
   
     <section class=\\"info-card-pokemon\\"> 
        <div class=\\"img-pokemon\\">
         <img src=\\"https://www.serebii.net/pokemongo/pokemon/123.png\\">
       </div>
       <div class=\\"data-pokemon\\">   
         <span>scyther</span>
         <span>123</span>
         <span>Tipo: bug, flying</span>
       </div>
     </section>
   
     <section class=\\"info-card-pokemon\\"> 
        <div class=\\"img-pokemon\\">
         <img src=\\"https://www.serebii.net/pokemongo/pokemon/117.png\\">
       </div>
       <div class=\\"data-pokemon\\">   
         <span>seadra</span>
         <span>117</span>
         <span>Tipo: water</span>
       </div>
     </section>
   
     <section class=\\"info-card-pokemon\\"> 
        <div class=\\"img-pokemon\\">
         <img src=\\"https://www.serebii.net/pokemongo/pokemon/119.png\\">
       </div>
       <div class=\\"data-pokemon\\">   
         <span>seaking</span>
         <span>119</span>
         <span>Tipo: water</span>
       </div>
     </section>
   
     <section class=\\"info-card-pokemon\\"> 
        <div class=\\"img-pokemon\\">
         <img src=\\"https://www.serebii.net/pokemongo/pokemon/086.png\\">
       </div>
       <div class=\\"data-pokemon\\">   
         <span>seel</span>
         <span>086</span>
         <span>Tipo: water</span>
       </div>
     </section>
   
     <section class=\\"info-card-pokemon\\"> 
        <div class=\\"img-pokemon\\">
         <img src=\\"https://www.serebii.net/pokemongo/pokemon/161.png\\">
       </div>
       <div class=\\"data-pokemon\\">   
         <span>sentret</span>
         <span>161</span>
         <span>Tipo: normal</span>
       </div>
     </section>
   
     <section class=\\"info-card-pokemon\\"> 
        <div class=\\"img-pokemon\\">
         <img src=\\"https://www.serebii.net/pokemongo/pokemon/090.png\\">
       </div>
       <div class=\\"data-pokemon\\">   
         <span>shellder</span>
         <span>090</span>
         <span>Tipo: water</span>
       </div>
     </section>
   
     <section class=\\"info-card-pokemon\\"> 
        <div class=\\"img-pokemon\\">
         <img src=\\"https://www.serebii.net/pokemongo/pokemon/213.png\\">
       </div>
       <div class=\\"data-pokemon\\">   
         <span>shuckle</span>
         <span>213</span>
         <span>Tipo: bug, rock</span>
       </div>
     </section>
   
     <section class=\\"info-card-pokemon\\"> 
        <div class=\\"img-pokemon\\">
         <img src=\\"https://www.serebii.net/pokemongo/pokemon/227.png\\">
       </div>
       <div class=\\"data-pokemon\\">   
         <span>skarmory</span>
         <span>227</span>
         <span>Tipo: steel, flying</span>
       </div>
     </section>
   
     <section class=\\"info-card-pokemon\\"> 
        <div class=\\"img-pokemon\\">
         <img src=\\"https://www.serebii.net/pokemongo/pokemon/188.png\\">
       </div>
       <div class=\\"data-pokemon\\">   
         <span>skiploom</span>
         <span>188</span>
         <span>Tipo: grass, flying</span>
       </div>
     </section>
   
     <section class=\\"info-card-pokemon\\"> 
        <div class=\\"img-pokemon\\">
         <img src=\\"https://www.serebii.net/pokemongo/pokemon/080.png\\">
       </div>
       <div class=\\"data-pokemon\\">   
         <span>slowbro</span>
         <span>080</span>
         <span>Tipo: water, psychic</span>
       </div>
     </section>
   
     <section class=\\"info-card-pokemon\\"> 
        <div class=\\"img-pokemon\\">
         <img src=\\"https://www.serebii.net/pokemongo/pokemon/199.png\\">
       </div>
       <div class=\\"data-pokemon\\">   
         <span>slowking</span>
         <span>199</span>
         <span>Tipo: water, psychic</span>
       </div>
     </section>
   
     <section class=\\"info-card-pokemon\\"> 
        <div class=\\"img-pokemon\\">
         <img src=\\"https://www.serebii.net/pokemongo/pokemon/079.png\\">
       </div>
       <div class=\\"data-pokemon\\">   
         <span>slowpoke</span>
         <span>079</span>
         <span>Tipo: water, psychic</span>
       </div>
     </section>
   
     <section class=\\"info-card-pokemon\\"> 
        <div class=\\"img-pokemon\\">
         <img src=\\"https://www.serebii.net/pokemongo/pokemon/218.png\\">
       </div>
       <div class=\\"data-pokemon\\">   
         <span>slugma</span>
         <span>218</span>
         <span>Tipo: fire</span>
       </div>
     </section>
   
     <section class=\\"info-card-pokemon\\"> 
        <div class=\\"img-pokemon\\">
         <img src=\\"https://www.serebii.net/pokemongo/pokemon/235.png\\">
       </div>
       <div class=\\"data-pokemon\\">   
         <span>smeargle</span>
         <span>235</span>
         <span>Tipo: normal</span>
       </div>
     </section>
   
     <section class=\\"info-card-pokemon\\"> 
        <div class=\\"img-pokemon\\">
         <img src=\\"https://www.serebii.net/pokemongo/pokemon/238.png\\">
       </div>
       <div class=\\"data-pokemon\\">   
         <span>smoochum</span>
         <span>238</span>
         <span>Tipo: ice, psychic</span>
       </div>
     </section>
   
     <section class=\\"info-card-pokemon\\"> 
        <div class=\\"img-pokemon\\">
         <img src=\\"https://www.serebii.net/pokemongo/pokemon/215.png\\">
       </div>
       <div class=\\"data-pokemon\\">   
         <span>sneasel</span>
         <span>215</span>
         <span>Tipo: dark, ice</span>
       </div>
     </section>
   
     <section class=\\"info-card-pokemon\\"> 
        <div class=\\"img-pokemon\\">
         <img src=\\"https://www.serebii.net/pokemongo/pokemon/143.png\\">
       </div>
       <div class=\\"data-pokemon\\">   
         <span>snorlax</span>
         <span>143</span>
         <span>Tipo: normal</span>
       </div>
     </section>
   
     <section class=\\"info-card-pokemon\\"> 
        <div class=\\"img-pokemon\\">
         <img src=\\"https://www.serebii.net/pokemongo/pokemon/209.png\\">
       </div>
       <div class=\\"data-pokemon\\">   
         <span>snubbull</span>
         <span>209</span>
         <span>Tipo: fairy</span>
       </div>
     </section>
   
     <section class=\\"info-card-pokemon\\"> 
        <div class=\\"img-pokemon\\">
         <img src=\\"https://www.serebii.net/pokemongo/pokemon/021.png\\">
       </div>
       <div class=\\"data-pokemon\\">   
         <span>spearow</span>
         <span>021</span>
         <span>Tipo: normal, flying</span>
       </div>
     </section>
   
     <section class=\\"info-card-pokemon\\"> 
        <div class=\\"img-pokemon\\">
         <img src=\\"https://www.serebii.net/pokemongo/pokemon/167.png\\">
       </div>
       <div class=\\"data-pokemon\\">   
         <span>spinarak</span>
         <span>167</span>
         <span>Tipo: bug, poison</span>
       </div>
     </section>
   
     <section class=\\"info-card-pokemon\\"> 
        <div class=\\"img-pokemon\\">
         <img src=\\"https://www.serebii.net/pokemongo/pokemon/007.png\\">
       </div>
       <div class=\\"data-pokemon\\">   
         <span>squirtle</span>
         <span>007</span>
         <span>Tipo: water</span>
       </div>
     </section>
   
     <section class=\\"info-card-pokemon\\"> 
        <div class=\\"img-pokemon\\">
         <img src=\\"https://www.serebii.net/pokemongo/pokemon/234.png\\">
       </div>
       <div class=\\"data-pokemon\\">   
         <span>stantler</span>
         <span>234</span>
         <span>Tipo: normal</span>
       </div>
     </section>
   
     <section class=\\"info-card-pokemon\\"> 
        <div class=\\"img-pokemon\\">
         <img src=\\"https://www.serebii.net/pokemongo/pokemon/121.png\\">
       </div>
       <div class=\\"data-pokemon\\">   
         <span>starmie</span>
         <span>121</span>
         <span>Tipo: water, psychic</span>
       </div>
     </section>
   
     <section class=\\"info-card-pokemon\\"> 
        <div class=\\"img-pokemon\\">
         <img src=\\"https://www.serebii.net/pokemongo/pokemon/120.png\\">
       </div>
       <div class=\\"data-pokemon\\">   
         <span>staryu</span>
         <span>120</span>
         <span>Tipo: water</span>
       </div>
     </section>
   
     <section class=\\"info-card-pokemon\\"> 
        <div class=\\"img-pokemon\\">
         <img src=\\"https://www.serebii.net/pokemongo/pokemon/208.png\\">
       </div>
       <div class=\\"data-pokemon\\">   
         <span>steelix</span>
         <span>208</span>
         <span>Tipo: steel, ground</span>
       </div>
     </section>
   
     <section class=\\"info-card-pokemon\\"> 
        <div class=\\"img-pokemon\\">
         <img src=\\"https://www.serebii.net/pokemongo/pokemon/185.png\\">
       </div>
       <div class=\\"data-pokemon\\">   
         <span>sudowoodo</span>
         <span>185</span>
         <span>Tipo: rock</span>
       </div>
     </section>
   
     <section class=\\"info-card-pokemon\\"> 
        <div class=\\"img-pokemon\\">
         <img src=\\"https://www.serebii.net/pokemongo/pokemon/245.png\\">
       </div>
       <div class=\\"data-pokemon\\">   
         <span>suicune</span>
         <span>245</span>
         <span>Tipo: water</span>
       </div>
     </section>
   
     <section class=\\"info-card-pokemon\\"> 
        <div class=\\"img-pokemon\\">
         <img src=\\"https://www.serebii.net/pokemongo/pokemon/192.png\\">
       </div>
       <div class=\\"data-pokemon\\">   
         <span>sunflora</span>
         <span>192</span>
         <span>Tipo: grass</span>
       </div>
     </section>
   
     <section class=\\"info-card-pokemon\\"> 
        <div class=\\"img-pokemon\\">
         <img src=\\"https://www.serebii.net/pokemongo/pokemon/191.png\\">
       </div>
       <div class=\\"data-pokemon\\">   
         <span>sunkern</span>
         <span>191</span>
         <span>Tipo: grass</span>
       </div>
     </section>
   
     <section class=\\"info-card-pokemon\\"> 
        <div class=\\"img-pokemon\\">
         <img src=\\"https://www.serebii.net/pokemongo/pokemon/220.png\\">
       </div>
       <div class=\\"data-pokemon\\">   
         <span>swinub</span>
         <span>220</span>
         <span>Tipo: ice, ground</span>
       </div>
     </section>
   
     <section class=\\"info-card-pokemon\\"> 
        <div class=\\"img-pokemon\\">
         <img src=\\"https://www.serebii.net/pokemongo/pokemon/114.png\\">
       </div>
       <div class=\\"data-pokemon\\">   
         <span>tangela</span>
         <span>114</span>
         <span>Tipo: grass</span>
       </div>
     </section>
   
     <section class=\\"info-card-pokemon\\"> 
        <div class=\\"img-pokemon\\">
         <img src=\\"https://www.serebii.net/pokemongo/pokemon/128.png\\">
       </div>
       <div class=\\"data-pokemon\\">   
         <span>tauros</span>
         <span>128</span>
         <span>Tipo: normal</span>
       </div>
     </section>
   
     <section class=\\"info-card-pokemon\\"> 
        <div class=\\"img-pokemon\\">
         <img src=\\"https://www.serebii.net/pokemongo/pokemon/216.png\\">
       </div>
       <div class=\\"data-pokemon\\">   
         <span>teddiursa</span>
         <span>216</span>
         <span>Tipo: normal</span>
       </div>
     </section>
   
     <section class=\\"info-card-pokemon\\"> 
        <div class=\\"img-pokemon\\">
         <img src=\\"https://www.serebii.net/pokemongo/pokemon/072.png\\">
       </div>
       <div class=\\"data-pokemon\\">   
         <span>tentacool</span>
         <span>072</span>
         <span>Tipo: water, poison</span>
       </div>
     </section>
   
     <section class=\\"info-card-pokemon\\"> 
        <div class=\\"img-pokemon\\">
         <img src=\\"https://www.serebii.net/pokemongo/pokemon/073.png\\">
       </div>
       <div class=\\"data-pokemon\\">   
         <span>tentacruel</span>
         <span>073</span>
         <span>Tipo: water, poison</span>
       </div>
     </section>
   
     <section class=\\"info-card-pokemon\\"> 
        <div class=\\"img-pokemon\\">
         <img src=\\"https://www.serebii.net/pokemongo/pokemon/175.png\\">
       </div>
       <div class=\\"data-pokemon\\">   
         <span>togepi</span>
         <span>175</span>
         <span>Tipo: fairy</span>
       </div>
     </section>
   
     <section class=\\"info-card-pokemon\\"> 
        <div class=\\"img-pokemon\\">
         <img src=\\"https://www.serebii.net/pokemongo/pokemon/176.png\\">
       </div>
       <div class=\\"data-pokemon\\">   
         <span>togetic</span>
         <span>176</span>
         <span>Tipo: fairy, flying</span>
       </div>
     </section>
   
     <section class=\\"info-card-pokemon\\"> 
        <div class=\\"img-pokemon\\">
         <img src=\\"https://www.serebii.net/pokemongo/pokemon/158.png\\">
       </div>
       <div class=\\"data-pokemon\\">   
         <span>totodile</span>
         <span>158</span>
         <span>Tipo: water</span>
       </div>
     </section>
   
     <section class=\\"info-card-pokemon\\"> 
        <div class=\\"img-pokemon\\">
         <img src=\\"https://www.serebii.net/pokemongo/pokemon/157.png\\">
       </div>
       <div class=\\"data-pokemon\\">   
         <span>typhlosion</span>
         <span>157</span>
         <span>Tipo: fire</span>
       </div>
     </section>
   
     <section class=\\"info-card-pokemon\\"> 
        <div class=\\"img-pokemon\\">
         <img src=\\"https://www.serebii.net/pokemongo/pokemon/248.png\\">
       </div>
       <div class=\\"data-pokemon\\">   
         <span>tyranitar</span>
         <span>248</span>
         <span>Tipo: rock, dark</span>
       </div>
     </section>
   
     <section class=\\"info-card-pokemon\\"> 
        <div class=\\"img-pokemon\\">
         <img src=\\"https://www.serebii.net/pokemongo/pokemon/236.png\\">
       </div>
       <div class=\\"data-pokemon\\">   
         <span>tyrogue</span>
         <span>236</span>
         <span>Tipo: fighting</span>
       </div>
     </section>
   
     <section class=\\"info-card-pokemon\\"> 
        <div class=\\"img-pokemon\\">
         <img src=\\"https://www.serebii.net/pokemongo/pokemon/197.png\\">
       </div>
       <div class=\\"data-pokemon\\">   
         <span>umbreon</span>
         <span>197</span>
         <span>Tipo: dark</span>
       </div>
     </section>
   
     <section class=\\"info-card-pokemon\\"> 
        <div class=\\"img-pokemon\\">
         <img src=\\"https://www.serebii.net/pokemongo/pokemon/201.png\\">
       </div>
       <div class=\\"data-pokemon\\">   
         <span>unown</span>
         <span>201</span>
         <span>Tipo: psychic</span>
       </div>
     </section>
   
     <section class=\\"info-card-pokemon\\"> 
        <div class=\\"img-pokemon\\">
         <img src=\\"https://www.serebii.net/pokemongo/pokemon/217.png\\">
       </div>
       <div class=\\"data-pokemon\\">   
         <span>ursaring</span>
         <span>217</span>
         <span>Tipo: normal</span>
       </div>
     </section>
   
     <section class=\\"info-card-pokemon\\"> 
        <div class=\\"img-pokemon\\">
         <img src=\\"https://www.serebii.net/pokemongo/pokemon/134.png\\">
       </div>
       <div class=\\"data-pokemon\\">   
         <span>vaporeon</span>
         <span>134</span>
         <span>Tipo: water</span>
       </div>
     </section>
   
     <section class=\\"info-card-pokemon\\"> 
        <div class=\\"img-pokemon\\">
         <img src=\\"https://www.serebii.net/pokemongo/pokemon/049.png\\">
       </div>
       <div class=\\"data-pokemon\\">   
         <span>venomoth</span>
         <span>049</span>
         <span>Tipo: bug, poison</span>
       </div>
     </section>
   
     <section class=\\"info-card-pokemon\\"> 
        <div class=\\"img-pokemon\\">
         <img src=\\"https://www.serebii.net/pokemongo/pokemon/048.png\\">
       </div>
       <div class=\\"data-pokemon\\">   
         <span>venonat</span>
         <span>048</span>
         <span>Tipo: bug, poison</span>
       </div>
     </section>
   
     <section class=\\"info-card-pokemon\\"> 
        <div class=\\"img-pokemon\\">
         <img src=\\"https://www.serebii.net/pokemongo/pokemon/003.png\\">
       </div>
       <div class=\\"data-pokemon\\">   
         <span>venusaur</span>
         <span>003</span>
         <span>Tipo: grass, poison</span>
       </div>
     </section>
   
     <section class=\\"info-card-pokemon\\"> 
        <div class=\\"img-pokemon\\">
         <img src=\\"https://www.serebii.net/pokemongo/pokemon/071.png\\">
       </div>
       <div class=\\"data-pokemon\\">   
         <span>victreebel</span>
         <span>071</span>
         <span>Tipo: grass, poison</span>
       </div>
     </section>
   
     <section class=\\"info-card-pokemon\\"> 
        <div class=\\"img-pokemon\\">
         <img src=\\"https://www.serebii.net/pokemongo/pokemon/045.png\\">
       </div>
       <div class=\\"data-pokemon\\">   
         <span>vileplume</span>
         <span>045</span>
         <span>Tipo: grass, poison</span>
       </div>
     </section>
   
     <section class=\\"info-card-pokemon\\"> 
        <div class=\\"img-pokemon\\">
         <img src=\\"https://www.serebii.net/pokemongo/pokemon/100.png\\">
       </div>
       <div class=\\"data-pokemon\\">   
         <span>voltorb</span>
         <span>100</span>
         <span>Tipo: electric</span>
       </div>
     </section>
   
     <section class=\\"info-card-pokemon\\"> 
        <div class=\\"img-pokemon\\">
         <img src=\\"https://www.serebii.net/pokemongo/pokemon/037.png\\">
       </div>
       <div class=\\"data-pokemon\\">   
         <span>vulpix</span>
         <span>037</span>
         <span>Tipo: fire</span>
       </div>
     </section>
   
     <section class=\\"info-card-pokemon\\"> 
        <div class=\\"img-pokemon\\">
         <img src=\\"https://www.serebii.net/pokemongo/pokemon/008.png\\">
       </div>
       <div class=\\"data-pokemon\\">   
         <span>wartortle</span>
         <span>008</span>
         <span>Tipo: water</span>
       </div>
     </section>
   
     <section class=\\"info-card-pokemon\\"> 
        <div class=\\"img-pokemon\\">
         <img src=\\"https://www.serebii.net/pokemongo/pokemon/013.png\\">
       </div>
       <div class=\\"data-pokemon\\">   
         <span>weedle</span>
         <span>013</span>
         <span>Tipo: bug, poison</span>
       </div>
     </section>
   
     <section class=\\"info-card-pokemon\\"> 
        <div class=\\"img-pokemon\\">
         <img src=\\"https://www.serebii.net/pokemongo/pokemon/070.png\\">
       </div>
       <div class=\\"data-pokemon\\">   
         <span>weepinbell</span>
         <span>070</span>
         <span>Tipo: grass, poison</span>
       </div>
     </section>
   
     <section class=\\"info-card-pokemon\\"> 
        <div class=\\"img-pokemon\\">
         <img src=\\"https://www.serebii.net/pokemongo/pokemon/110.png\\">
       </div>
       <div class=\\"data-pokemon\\">   
         <span>weezing</span>
         <span>110</span>
         <span>Tipo: poison</span>
       </div>
     </section>
   
     <section class=\\"info-card-pokemon\\"> 
        <div class=\\"img-pokemon\\">
         <img src=\\"https://www.serebii.net/pokemongo/pokemon/040.png\\">
       </div>
       <div class=\\"data-pokemon\\">   
         <span>wigglytuff</span>
         <span>040</span>
         <span>Tipo: normal</span>
       </div>
     </section>
   
     <section class=\\"info-card-pokemon\\"> 
        <div class=\\"img-pokemon\\">
         <img src=\\"https://www.serebii.net/pokemongo/pokemon/202.png\\">
       </div>
       <div class=\\"data-pokemon\\">   
         <span>wobbuffet</span>
         <span>202</span>
         <span>Tipo: psychic</span>
       </div>
     </section>
   
     <section class=\\"info-card-pokemon\\"> 
        <div class=\\"img-pokemon\\">
         <img src=\\"https://www.serebii.net/pokemongo/pokemon/194.png\\">
       </div>
       <div class=\\"data-pokemon\\">   
         <span>wooper</span>
         <span>194</span>
         <span>Tipo: water, ground</span>
       </div>
     </section>
   
     <section class=\\"info-card-pokemon\\"> 
        <div class=\\"img-pokemon\\">
         <img src=\\"https://www.serebii.net/pokemongo/pokemon/178.png\\">
       </div>
       <div class=\\"data-pokemon\\">   
         <span>xatu</span>
         <span>178</span>
         <span>Tipo: psychic, flying</span>
       </div>
     </section>
   
     <section class=\\"info-card-pokemon\\"> 
        <div class=\\"img-pokemon\\">
         <img src=\\"https://www.serebii.net/pokemongo/pokemon/193.png\\">
       </div>
       <div class=\\"data-pokemon\\">   
         <span>yanma</span>
         <span>193</span>
         <span>Tipo: bug, flying</span>
       </div>
     </section>
   
     <section class=\\"info-card-pokemon\\"> 
        <div class=\\"img-pokemon\\">
         <img src=\\"https://www.serebii.net/pokemongo/pokemon/145.png\\">
       </div>
       <div class=\\"data-pokemon\\">   
         <span>zapdos</span>
         <span>145</span>
         <span>Tipo: electric, flying</span>
       </div>
     </section>
   
     <section class=\\"info-card-pokemon\\"> 
        <div class=\\"img-pokemon\\">
         <img src=\\"https://www.serebii.net/pokemongo/pokemon/041.png\\">
       </div>
       <div class=\\"data-pokemon\\">   
         <span>zubat</span>
         <span>041</span>
         <span>Tipo: poison, flying</span>
       </div>
     </section>
   "
`;

exports[`createCard returns string 1`] = `
"
     <section class=\\"info-card-pokemon\\"> 
        <div class=\\"img-pokemon\\">
         <img src=\\"https://www.serebii.net/pokemongo/pokemon/001.png\\">
       </div>
       <div class=\\"data-pokemon\\">   
         <span>bulbasaur</span>
         <span>001</span>
         <span>Tipo: grass, poison</span>
       </div>
     </section>
   "
`;
